┌──────────────────────────────────────────────────────────────────────────────────────────────────────────────────────┐
│  ACCOUNTS   [Sort: Usage] [2 accounts] [1 active]                                                                    │
└──────────────────────────────────────────────────────────────────────────────────────────────────────────────────────┘
┌ Account Inventory ───────────────────────────────────────────────────────────────────────────────────────────────────┐
│  │Program       │Account             │Usage     │%      │Status  │24h Trend │Last Switch                             │
│  │              │                    │          │       │        │          │                                        │
│● │claude        │max-5               │80/100    │ 80.0% │YELLOW  │▁▃▅▆█     │2m ago                                  │
│○ │codex         │pro                 │15/50     │ 30.0% │GREEN   │▁▃▅▆█     │15m ago                                 │
│                                                                                                                      │
│                                                                                                                      │
│                                                                                                                      │
│                                                                                                                      │
│                                                                                                                      │
│                                                                                                                      │
│                                                                                                                      │
│                                                                                                                      │
│                                                                                                                      │
│                                                                                                                      │
│                                                                                                                      │
│                                                                                                                      │
│                                                                                                                      │
│                                                                                                                      │
│                                                                                                                      │
│                                                                                                                      │
│                                                                                                                      │
│                                                                                                                      │
│                                                                                                                      │
│                                                                                                                      │
└──────────────────────────────────────────────────────────────────────────────────────────────────────────────────────┘
┌──────────────────────────────────────────────────────────────────────────────────────────────────────────────────────┐
│↑↓ Navigate  / Filter  s Sort  Enter Details  q Back                                                                  │
└──────────────────────────────────────────────────────────────────────────────────────────────────────────────────────┘