┌──────────────────────────────────────────────────────────────────────────────────────────────────────────────────────┐
│  ACCOUNTS   [Sort: Program] [0 accounts] [0 active]                                                                  │
└──────────────────────────────────────────────────────────────────────────────────────────────────────────────────────┘
┌ Account Inventory ───────────────────────────────────────────────────────────────────────────────────────────────────┐
│No accounts tracked. Run collectors to populate data.                                                                 │
│                                                                                                                      │
│                                                                                                                      │
│                                                                                                                      │
│                                                                                                                      │
│                                                                                                                      │
│                                                                                                                      │
│                                                                                                                      │
│                                                                                                                      │
│                                                                                                                      │
│                                                                                                                      │
│                                                                                                                      │
│                                                                                                                      │
│                                                                                                                      │
│                                                                                                                      │
│                                                                                                                      │
│                                                                                                                      │
│                                                                                                                      │
│                                                                                                                      │
│                                                                                                                      │
│                                                                                                                      │
│                                                                                                                      │
│                                                                                                                      │
│                                                                                                                      │
└──────────────────────────────────────────────────────────────────────────────────────────────────────────────────────┘
┌──────────────────────────────────────────────────────────────────────────────────────────────────────────────────────┐
│↑↓ Navigate  / Filter  s Sort  Enter Details  q Back                                                                  │
└──────────────────────────────────────────────────────────────────────────────────────────────────────────────────────┘