┌──────────────────────────────────────────────────────────────────────────────────────────────────────────────────────┐
│  ALERTS   [Active] [History] [Rules] [no active alerts]                                                              │
└──────────────────────────────────────────────────────────────────────────────────────────────────────────────────────┘
┌ Active Alerts ───────────────────────────────────────────────────────────────────────────────────────────────────────┐
│No active alerts. All systems nominal.                                                                                │
│                                                                                                                      │
│                                                                                                                      │
│                                                                                                                      │
│                                                                                                                      │
│                                                                                                                      │
│                                                                                                                      │
│                                                                                                                      │
│                                                                                                                      │
│                                                                                                                      │
│                                                                                                                      │
│                                                                                                                      │
│                                                                                                                      │
│                                                                                                                      │
│                                                                                                                      │
│                                                                                                                      │
│                                                                                                                      │
│                                                                                                                      │
│                                                                                                                      │
│                                                                                                                      │
│                                                                                                                      │
│                                                                                                                      │
│                                                                                                                      │
│                                                                                                                      │
└──────────────────────────────────────────────────────────────────────────────────────────────────────────────────────┘
┌──────────────────────────────────────────────────────────────────────────────────────────────────────────────────────┐
│Rules: 0 enabled | 0 muted | 0 custom    [a]ck [m]ute [d]ismiss [Tab]view [/]search                                   │
└──────────────────────────────────────────────────────────────────────────────────────────────────────────────────────┘