┌──────────────────────────────────────────────────────────────────────────────────────────────────────────────────────┐
│  ALERTS   [Active] [History] [Rules] [1 active]                                                                      │
└──────────────────────────────────────────────────────────────────────────────────────────────────────────────────────┘
┌ Active Alerts ───────────────────────────────────────────────────────────────────────────────────────────────────────┐
│?? HIGH          5m ago High CPU usage                                                                                │
│                                                                                                                      │
│                                                                                                                      │
│                                                                                                                      │
│                                                                                                                      │
│                                                                                                                      │
│                                                                                                                      │
│                                                                                                                      │
│                                                                                                                      │
│                                                                                                                      │
│                                                                                                                      │
│                                                                                                                      │
│                                                                                                                      │
│                                                                                                                      │
│                                                                                                                      │
│                                                                                                                      │
│                                                                                                                      │
│                                                                                                                      │
│                                                                                                                      │
│                                                                                                                      │
│                                                                                                                      │
│                                                                                                                      │
│                                                                                                                      │
│                                                                                                                      │
└──────────────────────────────────────────────────────────────────────────────────────────────────────────────────────┘
┌──────────────────────────────────────────────────────────────────────────────────────────────────────────────────────┐
│Rules: 12 enabled | 1 muted | 4 custom    [a]ck [m]ute [d]ismiss [Tab]view [/]search                                  │
└──────────────────────────────────────────────────────────────────────────────────────────────────────────────────────┘