┌──────────────────────────────────────────────────────────────────────────────────────────────────────────────────────┐
│  BEADS TRIAGE  [refresh: 15s ago] [1 recs] [1 blockers] [42 open]                                                    │
└──────────────────────────────────────────────────────────────────────────────────────────────────────────────────────┘
                                                                                                                        
┌ Quick Reference ─────────────────────────────────────────────────────────────────────────────────────────────────────┐
│Ready: 9  Blocked: 11  In progress: 4  Open: 42                                                                       │
│Priority mix: P0 1 P1 7 P2 18 P3 16  Epics: 3/7 ready                                                                 │
│                                                                                                                      │
│                                                                                                                      │
└──────────────────────────────────────────────────────────────────────────────────────────────────────────────────────┘
                                                                                                                        
┌ Recommended Next ──────────────────────────────────────────────────────┐ ┌ Blockers to Clear ────────────────────────┐
│◐ [P1] bd-6q0 Create deterministic snapshot tests                       │ │✓ bd-bvt Port VcStore to fsqlite           │
│                                                                        │ │                                           │
│                                                                        │ │                                           │
│                                                                        │ │                                           │
│                                                                        │ │                                           │
│                                                                        │ │                                           │
│                                                                        │ │                                           │
│                                                                        │ │                                           │
│                                                                        │ │                                           │
└────────────────────────────────────────────────────────────────────────┘ └───────────────────────────────────────────┘
                                                                                                                        
┌ Graph Health ────────────────────────────────────────────────────────────────────────────────────────────────────────┐
│Nodes: 83  Edges: 112  Density: 3.3%                                                                                  │
│Cycles: clean  Velocity: 14 / 7d, 39 / 30d  Avg close: 3.4d                                                           │
│                                                                                                                      │
└──────────────────────────────────────────────────────────────────────────────────────────────────────────────────────┘
                                                                                                                        
┌──────────────────────────────────────────────────────────────────────────────────────────────────────────────────────┐
│Sections: Quick / Recommendations / Blockers / Graph  last refresh 15s ago                                            │
└──────────────────────────────────────────────────────────────────────────────────────────────────────────────────────┘