┌──────────────────────────────────────────────────────────────────────────────────────────────────────────────────────┐
│  BEADS TRIAGE  [refresh: 0s ago] [0 recs] [0 blockers] [0 open]                                                      │
└──────────────────────────────────────────────────────────────────────────────────────────────────────────────────────┘
                                                                                                                        
┌ Quick Reference ─────────────────────────────────────────────────────────────────────────────────────────────────────┐
│Ready: 0  Blocked: 0  In progress: 0  Open: 0                                                                         │
│Priority mix: P0 0 P1 0 P2 0 P3 0  Epics: 0/0 ready                                                                   │
│                                                                                                                      │
│                                                                                                                      │
└──────────────────────────────────────────────────────────────────────────────────────────────────────────────────────┘
                                                                                                                        
┌ Recommended Next ──────────────────────────────────────────────────────┐ ┌ Blockers to Clear ────────────────────────┐
│No recommendations available                                            │ │No blockers to clear                       │
│                                                                        │ │                                           │
│                                                                        │ │                                           │
│                                                                        │ │                                           │
│                                                                        │ │                                           │
│                                                                        │ │                                           │
│                                                                        │ │                                           │
│                                                                        │ │                                           │
│                                                                        │ │                                           │
└────────────────────────────────────────────────────────────────────────┘ └───────────────────────────────────────────┘
                                                                                                                        
┌ Graph Health ────────────────────────────────────────────────────────────────────────────────────────────────────────┐
│Nodes: 0  Edges: 0  Density: 0.0%                                                                                     │
│Cycles: clean  Velocity: 0 / 7d, 0 / 30d  Avg close: 0.0d                                                             │
│                                                                                                                      │
└──────────────────────────────────────────────────────────────────────────────────────────────────────────────────────┘
                                                                                                                        
┌──────────────────────────────────────────────────────────────────────────────────────────────────────────────────────┐
│Sections: Quick / Recommendations / Blockers / Graph  last refresh 0s ago                                             │
└──────────────────────────────────────────────────────────────────────────────────────────────────────────────────────┘