┌──────────────────────────────────────────────────────────────────────────────────────────────────────────────────────┐
│  EVENTS  [DCG] [scope: 24h] [0 machines] [0 total] [no filter]                                                       │
└──────────────────────────────────────────────────────────────────────────────────────────────────────────────────────┘
                                                                                                                        
┌ DCG Denies ──────────────────────────────────────────────────────────────────────────────────────────────────────────┐
│No DCG events in scope                                                                                                │
│                                                                                                                      │
│                                                                                                                      │
│                                                                                                                      │
│                                                                                                                      │
└──────────────────────────────────────────────────────────────────────────────────────────────────────────────────────┘
                                                                                                                        
┌ Network Anomalies ───────────────────────────────────────────────────────────────────────────────────────────────────┐
│No RANO events in scope                                                                                               │
│                                                                                                                      │
│                                                                                                                      │
│                                                                                                                      │
│                                                                                                                      │
└──────────────────────────────────────────────────────────────────────────────────────────────────────────────────────┘
                                                                                                                        
┌ Process Issues ──────────────────────────────────────────────────────────────────────────────────────────────────────┐
│No process findings in scope                                                                                          │
│                                                                                                                      │
│                                                                                                                      │
│                                                                                                                      │
│                                                                                                                      │
└──────────────────────────────────────────────────────────────────────────────────────────────────────────────────────┘
                                                                                                                        
                                                                                                                        
┌──────────────────────────────────────────────────────────────────────────────────────────────────────────────────────┐
│Focus: DCG / Network / Processes  scope 24h  [no filter]                                                              │
└──────────────────────────────────────────────────────────────────────────────────────────────────────────────────────┘