┌──────────────────────────────────────────────────────────────────────────────────────────────────────────────────────┐
│  EVENTS  [Network] [scope: 24h] [1 machines] [3 total] [no filter]                                                   │
└──────────────────────────────────────────────────────────────────────────────────────────────────────────────────────┘
                                                                                                                        
┌ DCG Denies ──────────────────────────────────────────────────────────────────────────────────────────────────────────┐
│?? CRITICAL orko rm -rf target                                                                                        │
│                                                                                                                      │
│                                                                                                                      │
│                                                                                                                      │
│                                                                                                                      │
└──────────────────────────────────────────────────────────────────────────────────────────────────────────────────────┘
                                                                                                                        
┌ Network Anomalies ───────────────────────────────────────────────────────────────────────────────────────────────────┐
│?? Auth loop detected api.anthropic.com                                                                               │
│                                                                                                                      │
│                                                                                                                      │
│                                                                                                                      │
│                                                                                                                      │
└──────────────────────────────────────────────────────────────────────────────────────────────────────────────────────┘
                                                                                                                        
┌ Process Issues ──────────────────────────────────────────────────────────────────────────────────────────────────────┐
│?? Runaway process cargo test                                                                                         │
│                                                                                                                      │
│                                                                                                                      │
│                                                                                                                      │
│                                                                                                                      │
└──────────────────────────────────────────────────────────────────────────────────────────────────────────────────────┘
                                                                                                                        
                                                                                                                        
┌──────────────────────────────────────────────────────────────────────────────────────────────────────────────────────┐
│Focus: DCG / Network / Processes  scope 24h  [no filter]                                                              │
└──────────────────────────────────────────────────────────────────────────────────────────────────────────────────────┘