┌──────────────────────────────────────────────────────────────────────────────────────────────────────────────────────┐
│  GUARDIAN  Self-Healing [suggest-only] [disabled] [0 active] [0 pending]                                             │
└──────────────────────────────────────────────────────────────────────────────────────────────────────────────────────┘
┌ Status ──────────────────────────────────────────────────────────────────────────────────────────────────────────────┐
│Mode: suggest-only (Shows suggestions, no automatic actions)                                                          │
│Patterns: 0 active                                                                                                    │
│Last action: never                                                                                                    │
│Success rate: 0% (0/0 last week)                                                                                      │
└──────────────────────────────────────────────────────────────────────────────────────────────────────────────────────┘
┌ Active Protocols ────────────────────────────────────────────────────────────────────────────────────────────────────┐
│No active protocols                                                                                                   │
│                                                                                                                      │
│                                                                                                                      │
│                                                                                                                      │
│                                                                                                                      │
│                                                                                                                      │
└──────────────────────────────────────────────────────────────────────────────────────────────────────────────────────┘
┌ Pending Interventions ───────────────────────────────────────────────────────────────────────────────────────────────┐
│No pending approvals                                                                                                  │
│                                                                                                                      │
│                                                                                                                      │
│                                                                                                                      │
└──────────────────────────────────────────────────────────────────────────────────────────────────────────────────────┘
┌ History (last 24h) ──────────────────────────────────────────────────────────────────────────────────────────────────┐
│No recent runs                                                                                                        │
│                                                                                                                      │
│                                                                                                                      │
│                                                                                                                      │
└──────────────────────────────────────────────────────────────────────────────────────────────────────────────────────┘
┌──────────────────────────────────────────────────────────────────────────────────────────────────────────────────────┐
│[t]oggle mode [Tab]section [p]ause [r]esume                                                                           │
└──────────────────────────────────────────────────────────────────────────────────────────────────────────────────────┘