Vibe Cockpit | Help                                                                                                     
                                                                                                                        
Keyboard shortcuts: 1-9, 0, b, w, s, ? | Tab / Shift+Tab cycle | Esc returns | q quits                                  
                                                                                                                        
Error: collector stale: rano                                                                                            
                                                                                                                        
                                                                                                                        
                                                                                                                        
                                                                                                                        
                                                                                                                        
                                                                                                                        
                                                                                                                        
                                                                                                                        
                                                                                                                        
                                                                                                                        
                                                                                                                        
                                                                                                                        
                                                                                                                        
                                                                                                                        
                                                                                                                        
                                                                                                                        
                                                                                                                        
                                                                                                                        
                                                                                                                        
                                                                                                                        
                                                                                                                        
                                                                                                                        
                                                                                                                        
                                                                                                                        
                                                                                                                        
                                                                                                                        
1:Overview 2:Machines 3:Repos 4:Accounts 5:Sessions 6:Mail 7:Alerts 8:Guardian 9:Oracle 0:Events b:Beads w:RCH s:Setting