┌──────────────────────────────────────────────────────────────────────────────────────────────────────────────────────┐
│  MACHINES   [Mode: List] [1/2 online] [Refresh: 10s ago]                                                             │
└──────────────────────────────────────────────────────────────────────────────────────────────────────────────────────┘
┌ Machine Inventory ───────────────────────────────────────────────────────────────────────────────────────────────────┐
│  │ID             │Hostname                              │Status    │Tools│Last Seen │Tags                            │
│  │               │                                      │          │     │          │                                │
│◆ │m1             │orko                                  │● online  │8    │never     │local, collector                │
│  │m2             │gpu-box                               │○ offline │2    │never     │remote                          │
│                                                                                                                      │
│                                                                                                                      │
│                                                                                                                      │
│                                                                                                                      │
│                                                                                                                      │
│                                                                                                                      │
│                                                                                                                      │
│                                                                                                                      │
│                                                                                                                      │
│                                                                                                                      │
│                                                                                                                      │
│                                                                                                                      │
│                                                                                                                      │
│                                                                                                                      │
│                                                                                                                      │
│                                                                                                                      │
│                                                                                                                      │
│                                                                                                                      │
│                                                                                                                      │
│                                                                                                                      │
└──────────────────────────────────────────────────────────────────────────────────────────────────────────────────────┘
┌──────────────────────────────────────────────────────────────────────────────────────────────────────────────────────┐
│↑↓ Navigate  Enter Detail  p Probe  t Filter Tags  q Back                                                             │
└──────────────────────────────────────────────────────────────────────────────────────────────────────────────────────┘