┌──────────────────────────────────────────────────────────────────────────────────────────────────────────────────────┐
│  MACHINES   [Mode: List] [0/0 online] [Refresh: just now]                                                            │
└──────────────────────────────────────────────────────────────────────────────────────────────────────────────────────┘
┌ Machine Inventory ───────────────────────────────────────────────────────────────────────────────────────────────────┐
│No machines registered                                                                                                │
│                                                                                                                      │
│                                                                                                                      │
│                                                                                                                      │
│                                                                                                                      │
│                                                                                                                      │
│                                                                                                                      │
│                                                                                                                      │
│                                                                                                                      │
│                                                                                                                      │
│                                                                                                                      │
│                                                                                                                      │
│                                                                                                                      │
│                                                                                                                      │
│                                                                                                                      │
│                                                                                                                      │
│                                                                                                                      │
│                                                                                                                      │
│                                                                                                                      │
│                                                                                                                      │
│                                                                                                                      │
│                                                                                                                      │
│                                                                                                                      │
│                                                                                                                      │
└──────────────────────────────────────────────────────────────────────────────────────────────────────────────────────┘
┌──────────────────────────────────────────────────────────────────────────────────────────────────────────────────────┐
│↑↓ Navigate  Enter Detail  p Probe  t Filter Tags  q Back                                                             │
└──────────────────────────────────────────────────────────────────────────────────────────────────────────────────────┘