┌──────────────────────────────────────────────────────────────────────────────────────────────────────────────────────┐
│  AGENT MAIL   [0 threads]                                                                                            │
└──────────────────────────────────────────────────────────────────────────────────────────────────────────────────────┘
┌ Threads ─────────────────────────────────────┐ ┌ Messages ───────────────────────────────────────────────────────────┐
│No threads found                              │ │No threads to display                                                │
│                                              │ │                                                                     │
│                                              │ │                                                                     │
│                                              │ │                                                                     │
│                                              │ │                                                                     │
│                                              │ │                                                                     │
│                                              │ │                                                                     │
│                                              │ │                                                                     │
│                                              │ │                                                                     │
│                                              │ │                                                                     │
│                                              │ │                                                                     │
│                                              │ │                                                                     │
│                                              │ │                                                                     │
│                                              │ │                                                                     │
│                                              │ │                                                                     │
│                                              │ │                                                                     │
│                                              │ │                                                                     │
│                                              │ │                                                                     │
│                                              │ │                                                                     │
│                                              │ │                                                                     │
└──────────────────────────────────────────────┘ └─────────────────────────────────────────────────────────────────────┘
┌ Agent Activity ──────────────────────────────────────────────────────────────────────────────────────────────────────┐
│Activity: No agent activity data                                                                                      │
│                                                                                                                      │
└──────────────────────────────────────────────────────────────────────────────────────────────────────────────────────┘
┌──────────────────────────────────────────────────────────────────────────────────────────────────────────────────────┐
│Tab Switch Pane  ↑↓ Navigate  Enter Select  a Acknowledge  / Filter  q Back                                           │
└──────────────────────────────────────────────────────────────────────────────────────────────────────────────────────┘