┌──────────────────────────────────────────────────────────────────────────────────────────────────────────────────────┐
│  ORACLE  Predictions & Forecasts [Updated: just now]                                                                 │
└──────────────────────────────────────────────────────────────────────────────────────────────────────────────────────┘
┌ Rate Limit Forecasts ────────────────────────────────────┐┌ Failure Risk ────────────────────────────────────────────┐
│No rate limit data available                              ││No agents being monitored                                 │
│                                                          ││                                                          │
│                                                          ││                                                          │
│                                                          ││                                                          │
│                                                          ││                                                          │
│                                                          ││                                                          │
│                                                          ││                                                          │
│                                                          ││                                                          │
│                                                          ││                                                          │
│                                                          ││                                                          │
│                                                          ││                                                          │
└──────────────────────────────────────────────────────────┘└──────────────────────────────────────────────────────────┘
┌ Cost Trajectory ─────────────────────────────────────────┐┌ Resource Forecasts ──────────────────────────────────────┐
│Today: $0.00 / $0.00 (0%)                                 ││No resource forecasts available                           │
│Projection: $0.00 by EOD over budget                      ││                                                          │
│Week: $0.00 / $0.00 (0%)                                  ││                                                          │
│                                                          ││                                                          │
│                                                          ││                                                          │
│                                                          ││                                                          │
│                                                          ││                                                          │
│                                                          ││                                                          │
│                                                          ││                                                          │
│                                                          ││                                                          │
│                                                          ││                                                          │
└──────────────────────────────────────────────────────────┘└──────────────────────────────────────────────────────────┘
┌──────────────────────────────────────────────────────────────────────────────────────────────────────────────────────┐
│[Tab] Section [r] Refresh [Enter] Details [a] Apply [d] Dismiss [q] Back                                              │
└──────────────────────────────────────────────────────────────────────────────────────────────────────────────────────┘