┌──────────────────────────────────────────────────────────────────────────────────────────────────────────────────────┐
│  V I B E   C O C K P I T  [Health: ○]  [Refresh: just now]                                                           │
└──────────────────────────────────────────────────────────────────────────────────────────────────────────────────────┘
┌ MACHINES ───────────────────────────────────────────────────────────┐ ┌ ALERTS ──────────────────────────────────────┐
│No machines registered                                               │ │No active alerts                              │
│                                                                     │ │                                              │
│                                                                     │ │                                              │
│                                                                     │ │                                              │
│                                                                     │ │                                              │
│                                                                     │ │                                              │
│                                                                     │ │                                              │
│                                                                     │ │                                              │
│                                                                     │ │                                              │
│                                                                     │ │                                              │
│                                                                     │ │                                              │
│                                                                     │ │                                              │
│                                                                     │ │                                              │
└─────────────────────────────────────────────────────────────────────┘ └──────────────────────────────────────────────┘
                                                                                                                        
┌ REPOS ───────────────────────────────────────────────────────────────────────────────────────────────────────────────┐
│No repositories tracked                                                                                               │
│                                                                                                                      │
│                                                                                                                      │
│                                                                                                                      │
│                                                                                                                      │
│                                                                                                                      │
│                                                                                                                      │
│                                                                                                                      │
└──────────────────────────────────────────────────────────────────────────────────────────────────────────────────────┘
┌──────────────────────────────────────────────────────────────────────────────────────────────────────────────────────┐
│[?]Help [q]Quit [r]Refresh [m]Machines [a]Accounts [g]Repos [l]Mail [b]Beads                                          │
└──────────────────────────────────────────────────────────────────────────────────────────────────────────────────────┘