┌──────────────────────────────────────────────────────────────────────────────────────────────────────────────────────┐
│  V I B E   C O C K P I T  [Health: ●]  [Refresh: 12s ago]                                                            │
└──────────────────────────────────────────────────────────────────────────────────────────────────────────────────────┘
┌ MACHINES ───────────────────────────────────────────────────────────┐ ┌ ALERTS ──────────────────────────────────────┐
│● orko            CPU  45% MEM  63%                                  │ │⚠ Disk trending high [m1] WARNING             │
│                                                                     │ │                                              │
│                                                                     │ │                                              │
│                                                                     │ │                                              │
│                                                                     │ │                                              │
│                                                                     │ │                                              │
│                                                                     │ │                                              │
│                                                                     │ │                                              │
│                                                                     │ │                                              │
│                                                                     │ │                                              │
│                                                                     │ │                                              │
│                                                                     │ │                                              │
│                                                                     │ │                                              │
└─────────────────────────────────────────────────────────────────────┘ └──────────────────────────────────────────────┘
                                                                                                                        
┌ REPOS ───────────────────────────────────────────────────────────────────────────────────────────────────────────────┐
│vibe_cockpit        main    ✓ clean             1↑ 0↓                                                                 │
│                                                                                                                      │
│                                                                                                                      │
│                                                                                                                      │
│                                                                                                                      │
│                                                                                                                      │
│                                                                                                                      │
│                                                                                                                      │
└──────────────────────────────────────────────────────────────────────────────────────────────────────────────────────┘
┌──────────────────────────────────────────────────────────────────────────────────────────────────────────────────────┐
│[?]Help [q]Quit [r]Refresh [m]Machines [a]Accounts [g]Repos [l]Mail [b]Beads                                          │
└──────────────────────────────────────────────────────────────────────────────────────────────────────────────────────┘