┌──────────────────────────────────────────────────────────────────────────────────────────────────────────────────────┐
│  RCH  Remote Compilation [1/2 online] [1 building] [79 builds/24h]                                                   │
└──────────────────────────────────────────────────────────────────────────────────────────────────────────────────────┘
                                                                                                                        
┌ Worker Status ───────────────────────────────────────────────────────────────────────────────────────────────────────┐
│Worker          │State     │Current                 │Jobs    │Last seen                                               │
│                │          │                        │        │                                                        │
│vmi1152480      │building  │vc_tui                  │42      │just now                                                │
│vmi1149989      │offline   │idle                    │37      │drained                                                 │
│                                                                                                                      │
└──────────────────────────────────────────────────────────────────────────────────────────────────────────────────────┘
                                                                                                                        
┌ Recent Builds ───────────────────────────────────────────────────────────────────────────────────────────────────────┐
│Time    │Crate                                                             │Worker      │Duration  │Cache    │Result  │
│        │                                                                  │            │          │         │        │
│11:52   │vc_tui                                                            │vmi1152480  │11.6s     │HIT      │ok      │
│                                                                                                                      │
│                                                                                                                      │
│                                                                                                                      │
└──────────────────────────────────────────────────────────────────────────────────────────────────────────────────────┘
                                                                                                                        
┌ Slowest Crates ──────────────────────────────────────────────────────────────────────────────────────────────────────┐
│duckdb            ██████████████████████████████ 95.4s (6 builds)                                                     │
│                                                                                                                      │
│                                                                                                                      │
│                                                                                                                      │
│                                                                                                                      │
└──────────────────────────────────────────────────────────────────────────────────────────────────────────────────────┘
                                                                                                                        
┌──────────────────────────────────────────────────────────────────────────────────────────────────────────────────────┐
│Cache: ████████████████░░░░ 82%  Sections: workers / builds / crates / cache                                          │
└──────────────────────────────────────────────────────────────────────────────────────────────────────────────────────┘