Vibe Cockpit | RCH Workers                                                                                              
                                                                                                                        
NO DATA SOURCE YET                                                                                                      
No query for `rch_metrics` / `rch_compilations` is wired yet.                                                           
Nothing is fetched for this screen, so nothing is shown. Live screens: 1 Overview, 2 Machines, 5 Sessions, 7 Alerts, 0 E
                                                                                                                        
Error: collector stale: rano                                                                                            
                                                                                                                        
                                                                                                                        
                                                                                                                        
                                                                                                                        
                                                                                                                        
                                                                                                                        
                                                                                                                        
                                                                                                                        
                                                                                                                        
                                                                                                                        
                                                                                                                        
                                                                                                                        
                                                                                                                        
                                                                                                                        
                                                                                                                        
                                                                                                                        
                                                                                                                        
                                                                                                                        
                                                                                                                        
                                                                                                                        
                                                                                                                        
                                                                                                                        
                                                                                                                        
                                                                                                                        
1:Overview 2:Machines 3:Repos 4:Accounts 5:Sessions 6:Mail 7:Alerts 8:Guardian 9:Oracle 0:Events b:Beads w:RCH s:Setting