┌──────────────────────────────────────────────────────────────────────────────────────────────────────────────────────┐
│  RCH  Remote Compilation [0/0 online] [0 building] [0 builds/24h]                                                    │
└──────────────────────────────────────────────────────────────────────────────────────────────────────────────────────┘
                                                                                                                        
┌ Worker Status ───────────────────────────────────────────────────────────────────────────────────────────────────────┐
│No workers configured                                                                                                 │
│                                                                                                                      │
│                                                                                                                      │
│                                                                                                                      │
│                                                                                                                      │
└──────────────────────────────────────────────────────────────────────────────────────────────────────────────────────┘
                                                                                                                        
┌ Recent Builds ───────────────────────────────────────────────────────────────────────────────────────────────────────┐
│No recent builds                                                                                                      │
│                                                                                                                      │
│                                                                                                                      │
│                                                                                                                      │
│                                                                                                                      │
│                                                                                                                      │
└──────────────────────────────────────────────────────────────────────────────────────────────────────────────────────┘
                                                                                                                        
┌ Slowest Crates ──────────────────────────────────────────────────────────────────────────────────────────────────────┐
│No build data                                                                                                         │
│                                                                                                                      │
│                                                                                                                      │
│                                                                                                                      │
│                                                                                                                      │
└──────────────────────────────────────────────────────────────────────────────────────────────────────────────────────┘
                                                                                                                        
┌──────────────────────────────────────────────────────────────────────────────────────────────────────────────────────┐
│Cache: ░░░░░░░░░░░░░░░░░░░░ 0%  Sections: workers / builds / crates / cache                                           │
└──────────────────────────────────────────────────────────────────────────────────────────────────────────────────────┘