┌──────────────────────────────────────────────────────────────────────────────────────────────────────────────────────┐
│  SESSIONS   [Mode: Ungrouped] [0 sessions] [0 active] [0 / $-0.00]                                                   │
└──────────────────────────────────────────────────────────────────────────────────────────────────────────────────────┘
┌ Session Inventory ───────────────────────────────────────────────────────────────────────────────────────────────────┐
│No sessions tracked. Run cass collector to populate data.                                                             │
│                                                                                                                      │
│                                                                                                                      │
│                                                                                                                      │
│                                                                                                                      │
│                                                                                                                      │
│                                                                                                                      │
│                                                                                                                      │
│                                                                                                                      │
│                                                                                                                      │
│                                                                                                                      │
│                                                                                                                      │
│                                                                                                                      │
│                                                                                                                      │
│                                                                                                                      │
│                                                                                                                      │
│                                                                                                                      │
│                                                                                                                      │
│                                                                                                                      │
│                                                                                                                      │
│                                                                                                                      │
│                                                                                                                      │
│                                                                                                                      │
│                                                                                                                      │
└──────────────────────────────────────────────────────────────────────────────────────────────────────────────────────┘
┌──────────────────────────────────────────────────────────────────────────────────────────────────────────────────────┐
│↑↓ Navigate  g Group  / Filter  Enter Details  q Back                                                                 │
└──────────────────────────────────────────────────────────────────────────────────────────────────────────────────────┘