┌──────────────────────────────────────────────────────────────────────────────────────────────────────────────────────┐
│  SESSIONS   [Mode: By Project] [2 sessions] [1 active] [173.0K / $2.00]                                              │
└──────────────────────────────────────────────────────────────────────────────────────────────────────────────────────┘
┌ Session Groups ──────────────────────────────────────────────────────────────────────────────────────────────────────┐
│▶ /dp/frankentui (1 sessions, 48.0K / $0.58)                                                                          │
│▼ /dp/vibe_cockpit (1 sessions, 1 active, 125.0K / $1.42)                                                             │
│    ● CobaltTurtle 1h35m / 125.0K / $1.42                                                                             │
│                                                                                                                      │
│                                                                                                                      │
│                                                                                                                      │
│                                                                                                                      │
│                                                                                                                      │
│                                                                                                                      │
│                                                                                                                      │
│                                                                                                                      │
│                                                                                                                      │
│                                                                                                                      │
│                                                                                                                      │
│                                                                                                                      │
│                                                                                                                      │
│                                                                                                                      │
│                                                                                                                      │
│                                                                                                                      │
│                                                                                                                      │
│                                                                                                                      │
│                                                                                                                      │
│                                                                                                                      │
│                                                                                                                      │
└──────────────────────────────────────────────────────────────────────────────────────────────────────────────────────┘
┌──────────────────────────────────────────────────────────────────────────────────────────────────────────────────────┐
│↑↓ Navigate  Enter Expand  g Cycle Group  / Filter  q Back                                                            │
└──────────────────────────────────────────────────────────────────────────────────────────────────────────────────────┘