┌──────────────────────────────────────────────────────────────────────────────────────────────────────────────────────┐
│  SETTINGS  Config snapshot [source: /etc/vibe_cockpit/vibe.toml] [14 collectors] [3 machines]                        │
└──────────────────────────────────────────────────────────────────────────────────────────────────────────────────────┘
                                                                                                                        
┌ Paths ───────────────────────────────────────────────────┐ ┌ Runtime ────────────────────────────────────────────────┐
│DB: /var/lib/vibe_cockpit/vibe.duckdb                     │ │Poll: 30s  Timeout: 15s                                  │
│Path 1: /etc/vibe_cockpit/vibe.toml                       │ │Theme: ember                                             │
│Path 2: /home/ubuntu/.config/vibe_cockpit/vibe.toml       │ │Inline: disabled  Height: 20                             │
│                                                          │ │                                                         │
│                                                          │ │                                                         │
│                                                          │ │                                                         │
│                                                          │ │                                                         │
│                                                          │ │                                                         │
│                                                          │ │                                                         │
│                                                          │ │                                                         │
└──────────────────────────────────────────────────────────┘ └─────────────────────────────────────────────────────────┘
                                                                                                                        
┌ Collectors ──────────────────────────────────────────────┐ ┌ Web + Lint ─────────────────────────────────────────────┐
│Collectors: 14                                            │ │Web: enabled  CORS: on                                   │
│Machines: 3                                               │ │Bind: 0.0.0.0:8088                                       │
│Alerting: on  Autopilot: on                               │ │Lint: 0 error / 1 warning / 2 info                       │
│                                                          │ │                                                         │
│                                                          │ │                                                         │
│                                                          │ │                                                         │
│                                                          │ │                                                         │
│                                                          │ │                                                         │
│                                                          │ │                                                         │
└──────────────────────────────────────────────────────────┘ └─────────────────────────────────────────────────────────┘
                                                                                                                        
┌──────────────────────────────────────────────────────────────────────────────────────────────────────────────────────┐
│Read-only snapshot  Future runtime wiring can replace defaults with discovered config                                 │
└──────────────────────────────────────────────────────────────────────────────────────────────────────────────────────┘