┌──────────────────────────────────────────────────────────────────────────────────────────────────────────────────────┐
│  SETTINGS  Config snapshot [source: defaults] [12 collectors] [0 machines]                                           │
└──────────────────────────────────────────────────────────────────────────────────────────────────────────────────────┘
                                                                                                                        
┌ Paths ───────────────────────────────────────────────────┐ ┌ Runtime ────────────────────────────────────────────────┐
│DB: /home/ubuntu/.local/share/vc/vc.duckdb                │ │Poll: 120s  Timeout: 30s                                 │
│Path 1: vc.toml                                           │ │Theme: default                                           │
│Path 2: /home/ubuntu/.config/vc/vc.toml                   │ │Inline: disabled  Height: 20                             │
│Path 3: /etc/vc/vc.toml                                   │ │                                                         │
│                                                          │ │                                                         │
│                                                          │ │                                                         │
│                                                          │ │                                                         │
│                                                          │ │                                                         │
│                                                          │ │                                                         │
│                                                          │ │                                                         │
└──────────────────────────────────────────────────────────┘ └─────────────────────────────────────────────────────────┘
                                                                                                                        
┌ Collectors ──────────────────────────────────────────────┐ ┌ Web + Lint ─────────────────────────────────────────────┐
│Collectors: 12                                            │ │Web: disabled  CORS: off                                 │
│Machines: 0                                               │ │Bind: 127.0.0.1:8080                                     │
│Alerting: on  Autopilot: off                              │ │Lint: 0 error / 1 warning / 1 info                       │
│                                                          │ │                                                         │
│                                                          │ │                                                         │
│                                                          │ │                                                         │
│                                                          │ │                                                         │
│                                                          │ │                                                         │
│                                                          │ │                                                         │
└──────────────────────────────────────────────────────────┘ └─────────────────────────────────────────────────────────┘
                                                                                                                        
┌──────────────────────────────────────────────────────────────────────────────────────────────────────────────────────┐
│Read-only snapshot  Future runtime wiring can replace defaults with discovered config                                 │
└──────────────────────────────────────────────────────────────────────────────────────────────────────────────────────┘